// Vitest Snapshot v1, https://vitest.dev/guide/snapshot.html

exports[`SearchBar > snap shot matches 1`] = `
{
  "baseElement": <body>
    <div>
      <div
        element="button"
        id="searchbarID"
      >
        <form
          class="flex gap-3 items-center"
        >
          <input
            class="outline-none border-2 rounded-lg w-28 sm:w-52 md:w-72 py-2 px-3 border-emerald-500"
            placeholder="Search.."
            type="text"
          />
          <button
            class="bg-emerald-500 rounded-lg w-16 sm:w-24 md:w-30 py-2 md:px-3 px-1 text-white"
            id="searchbarID"
          >
            Search
          </button>
        </form>
      </div>
    </div>
    <div>
      <div
        element="div"
      >
        <form
          class="flex gap-3 items-center"
        >
          <input
            class="outline-none border-2 rounded-lg w-28 sm:w-52 md:w-72 py-2 px-3 border-emerald-500"
            placeholder="Search.."
            type="text"
          />
          <button
            class="bg-emerald-500 rounded-lg w-16 sm:w-24 md:w-30 py-2 md:px-3 px-1 text-white"
            id="searchbarID"
          >
            Search
          </button>
        </form>
      </div>
    </div>
  </body>,
  "container": <div>
    <div
      element="div"
    >
      <form
        class="flex gap-3 items-center"
      >
        <input
          class="outline-none border-2 rounded-lg w-28 sm:w-52 md:w-72 py-2 px-3 border-emerald-500"
          placeholder="Search.."
          type="text"
        />
        <button
          class="bg-emerald-500 rounded-lg w-16 sm:w-24 md:w-30 py-2 md:px-3 px-1 text-white"
          id="searchbarID"
        >
          Search
        </button>
      </form>
    </div>
  </div>,
  "debug": [Function],
  "emitted": [Function],
  "findAllByAltText": [Function],
  "findAllByDisplayValue": [Function],
  "findAllByLabelText": [Function],
  "findAllByPlaceholderText": [Function],
  "findAllByRole": [Function],
  "findAllByTestId": [Function],
  "findAllByText": [Function],
  "findAllByTitle": [Function],
  "findByAltText": [Function],
  "findByDisplayValue": [Function],
  "findByLabelText": [Function],
  "findByPlaceholderText": [Function],
  "findByRole": [Function],
  "findByTestId": [Function],
  "findByText": [Function],
  "findByTitle": [Function],
  "getAllByAltText": [Function],
  "getAllByDisplayValue": [Function],
  "getAllByLabelText": [Function],
  "getAllByPlaceholderText": [Function],
  "getAllByRole": [Function],
  "getAllByTestId": [Function],
  "getAllByText": [Function],
  "getAllByTitle": [Function],
  "getByAltText": [Function],
  "getByDisplayValue": [Function],
  "getByLabelText": [Function],
  "getByPlaceholderText": [Function],
  "getByRole": [Function],
  "getByTestId": [Function],
  "getByText": [Function],
  "getByTitle": [Function],
  "html": [Function],
  "queryAllByAltText": [Function],
  "queryAllByDisplayValue": [Function],
  "queryAllByLabelText": [Function],
  "queryAllByPlaceholderText": [Function],
  "queryAllByRole": [Function],
  "queryAllByTestId": [Function],
  "queryAllByText": [Function],
  "queryAllByTitle": [Function],
  "queryByAltText": [Function],
  "queryByDisplayValue": [Function],
  "queryByLabelText": [Function],
  "queryByPlaceholderText": [Function],
  "queryByRole": [Function],
  "queryByTestId": [Function],
  "queryByText": [Function],
  "queryByTitle": [Function],
  "rerender": [Function],
  "unmount": [Function],
}
`;
